// Jest Snapshot v1, https://goo.gl/fbAQLP

exports[`WordDetails component renders correctly 1`] = `
<div
  style={
    Object {
      "margin": "-10px 10px -20px",
      "maxWidth": "400px",
    }
  }
>
  <span>
    <strong>
      lemma
    </strong>
     
    καί
  </span>
  <br />
  <span>
    <strong>
      morphology
    </strong>
     
    Gr,CC,,,,,,,,
  </span>
  <br />
  <span>
    <strong>
      strongs
    </strong>
     
    G25320
  </span>
  <br />
  <span>
    <strong>
      lexicon
    </strong>
     
    and, even, also, namely.
  </span>
  <br />
</div>
`;
